---
source: crates/miner-core/tests/scan_arch_lm.rs
expression: masked
---
{
  "code_revision": "test-rev-abc1234",
  "data_slice": {
    "gap_manifest": null,
    "gap_manifest_ref": null,
    "range": {
      "end_utc": "2024-01-04T00:00:00Z",
      "start_utc": "2024-01-01T00:00:00Z"
    },
    "sources": [
      {
        "side": "bid",
        "source_id": "dukascopy",
        "symbol": "EURUSD",
        "timeframe": "15m"
      }
    ]
  },
  "dsr": null,
  "effect": {
    "ci95": null,
    "effect_size": null,
    "extra": {
      "f_p_value": {
        "data": "FMn6JEe71z8=",
        "dtype": "f64",
        "shape": [
          1
        ]
      },
      "f_statistic": {
        "data": "o6E8fKSI8T8=",
        "dtype": "f64",
        "shape": [
          1
        ]
      },
      "lag": {
        "data": "AAAAAAAAFEA=",
        "dtype": "f64",
        "shape": [
          1
        ]
      },
      "p_value": {
        "data": "qLAsfBXI1j8=",
        "dtype": "f64",
        "shape": [
          1
        ]
      }
    },
    "metric": "arch_lm_statistic",
    "n": 79,
    "p_value": 0.3559621536867419,
    "value": 5.5181281900479435
  },
  "fdr_q": null,
  "kind": "result",
  "param_hash": "e2810ff68544765c7a850e8761386dd6af638db0401cc7f1aa9e0825733917f6",
  "params": {
    "lag": 5
  },
  "produced_at_utc": "<masked_produced_at_utc>",
  "raw": {
    "series": {
      "returns": {
        "data": "ZrkwWO79wb+YDVzPgMLXP5dOxgj+TdC/RO63rq80vj8+ly//PMrSv0PriMTGCdY/7JzbE7d+0L+rI924QoPgP15lyM0G/q8/CC4Sid7Tsr96YnY03RfLv/5FaVrjNbc/OPaORIgOwD/PVbaD/qfDvwQGCI4kYdi/Ta/LDZm0pj++jSyMVizhP5vX3wjt/Yq/yEbruDzXkr/GqMB8qE7Jv9OHeUjIctG/1GXGJFBu0T/uTjFDW6DKvxQ1w2a6xts/e9zQ0umLsL/q/twvvCPdv1CISIWVat0/OANm58hDzL+YYTMuO8DUv2KvACrczaK/CE8Syp0Z2j98Uumlm07GP3mDfLytIYE/TdlvsMPjt78IUMiAtS3Jv+4ItY76tcE/tfZxaDNIsT/DQTkWyv2BP4sVD4VsUnE/lHDA8vvIwj95oU8j3EfUv8FSxb1BytG/uwm8wlj1tD9c3Pj4IeTIPyoPbwotA9C/0DrWBJ7Y3D9W4yKRhq26vzTMs6Kc0b8/Gjqa9yO80L9WZ3AKoxbBv+djHzJdLKc/I1KETLlhzL+CkrRBrPnMP0x470Tg9KU/ueYVEYgO1j+NrB/lg3qjP0hy09zdp9+/T/FLWpvT3D/jmQOcgHjFvwj6aM8ZmMW/8aU7ffdEkb+TzgwFE2rDv7v3J9U+9+E/YUQ5huq44r+0O7b1acPhPylfgMOI0a+/J3ODVuKYzb/nO0yyBaHGP2B1WwAhONG/+dy89Vfkw79i7A5egCvTP638md5bPdO/J/qLWYViuz+uqeeTdkvQP2ocGQZNE60/oHe11p6nwL9LUcLZnrzKv2dWmIVZoI0/YBhxcuai1D8=",
        "dtype": "f64",
        "shape": [
          79
        ]
      },
      "timestamps_ms": {
        "data": "AAD6+iXMeEIAALTWJsx4QgAAbrInzHhCAAAojijMeEIAAOJpKcx4QgAAnEUqzHhCAABWISvMeEIAABD9K8x4QgAAytgszHhCAACEtC3MeEIAAD6QLsx4QgAA+GsvzHhCAACyRzDMeEIAAGwjMcx4QgAAJv8xzHhCAADg2jLMeEIAAJq2M8x4QgAAVJI0zHhCAAAObjXMeEIAAMhJNsx4QgAAgiU3zHhCAAA8ATjMeEIAAPbcOMx4QgAAsLg5zHhCAABqlDrMeEIAACRwO8x4QgAA3ks8zHhCAACYJz3MeEIAAFIDPsx4QgAADN8+zHhCAADGuj/MeEIAAICWQMx4QgAAOnJBzHhCAAD0TULMeEIAAK4pQ8x4QgAAaAVEzHhCAAAi4UTMeEIAANy8Rcx4QgAAlphGzHhCAABQdEfMeEIAAApQSMx4QgAAxCtJzHhCAAB+B0rMeEIAADjjSsx4QgAA8r5LzHhCAACsmkzMeEIAAGZ2Tcx4QgAAIFJOzHhCAADaLU/MeEIAAJQJUMx4QgAATuVQzHhCAAAIwVHMeEIAAMKcUsx4QgAAfHhTzHhCAAA2VFTMeEIAAPAvVcx4QgAAqgtWzHhCAABk51bMeEIAAB7DV8x4QgAA2J5YzHhCAACSelnMeEIAAExWWsx4QgAABjJbzHhCAADADVzMeEIAAHrpXMx4QgAANMVdzHhCAADuoF7MeEIAAKh8X8x4QgAAYlhgzHhCAAAcNGHMeEIAANYPYsx4QgAAkOtizHhCAABKx2PMeEIAAASjZMx4QgAAvn5lzHhCAAB4WmbMeEIAADI2Z8x4QgAA7BFozHhCAACm7WjMeEI=",
        "dtype": "f64",
        "shape": [
          79
        ]
      }
    }
  },
  "repro": null,
  "run_id": "<masked_run_id>",
  "scan_id@version": "stats.heteroskedasticity.arch_lm@1",
  "schema_version": 1
}
