---
source: crates/miner-core/tests/scan_drawdown.rs
expression: masked
---
{
  "code_revision": "test-rev-abc1234",
  "data_slice": {
    "gap_manifest": null,
    "gap_manifest_ref": null,
    "range": {
      "end_utc": "2024-01-04T00:00:00Z",
      "start_utc": "2024-01-01T00:00:00Z"
    },
    "sources": [
      {
        "side": "bid",
        "source_id": "dukascopy",
        "symbol": "EURUSD",
        "timeframe": "15m"
      }
    ]
  },
  "dsr": null,
  "effect": {
    "ci95": null,
    "effect_size": null,
    "extra": {
      "dd_distribution_p50_p95_p99": {
        "data": "ROpHHA+L2z9E6kccD4vbP0TqRxwPi9s/",
        "dtype": "f64",
        "shape": [
          3
        ]
      },
      "drawdown_durations_ms": {
        "data": "AAAAAHCZREE=",
        "dtype": "f64",
        "shape": [
          1
        ]
      },
      "equity_curve": {
        "data": "ZrkwWO79wb/KYYdGE4fNPyDbKVhGp5i/fHetGN4KuD++cgjyCo/Jv8hjCZeChMI/IKxbIdfxvL9OXGOpD8rZP/poHIPQyd0/eN3X4NgU2T92WDmN1BHHP7r9Nh1jVtE/1nh+P6dd2T/dm0b7TxPPPytwySD5rsG/sAituqUDuL9Q2a2pw1fcP5PaZkHUf9s/JibYdWBS2j+Go+9uGFbLP4CwDYjgPa6/iF+JJyhNyz9AEwKLnJl1P2E979ggHdw/QgY7ZCb61z+g4ocuV6a0v6iPprn/QNg/GBznizY+xD8Yp3/QP0LFv/DS/9q29cm/IMskuYQ9yj/ODocvEEbYP+ryap0dz9g/l/xOsSzW0j9MUqvDR/24PxSyinCeNM4/t9ZhElxs0z/FoBNjSvzTPxvdJxWUQdQ/ZRWIDhKm3T/Y53DWa7zCP6q9GaUX2MC/MuPuDq11qb+QIz21tobCP4j1Qb9G/7q/br0FVcwY1j8xCXph1drOP6b3adnRYdc/MPY+h7eWuj/wYYc2Olqev7zLblsA/Y8/Z2XNRulhyr/YaDnXF76UP1wWRhj2KbA/UGwnlwUZ2j/iYcsTVojcPzCDQEg+/Ki/6eBDkRO02T/vJ4SGpu/NP85bNm4Zr7A/pOTOHbe7qD/UKjJ7Sna6v8FkgwvrUN0/",
        "dtype": "f64",
        "shape": [
          63
        ]
      },
      "peaks": {
        "data": "AAAAAAAA8D8=",
        "dtype": "f64",
        "shape": [
          1
        ]
      },
      "time_to_recover_ms": {
        "data": "AAAAAHCZREE=",
        "dtype": "f64",
        "shape": [
          1
        ]
      },
      "troughs": {
        "data": "AAAAAAAAEEA=",
        "dtype": "f64",
        "shape": [
          1
        ]
      }
    },
    "metric": "max_drawdown",
    "n": 1,
    "p_value": null,
    "value": -0.6715557933898094
  },
  "fdr_q": null,
  "kind": "result",
  "param_hash": "9f2c4d14964b5626c11305f1f39b8fd4033d2cce5e8b2485f1e065d0e9d2a580",
  "params": {
    "series": "log_returns"
  },
  "produced_at_utc": "<masked_produced_at_utc>",
  "raw": {
    "series": {
      "returns": {
        "data": "ZrkwWO79wb+YDVzPgMLXP5dOxgj+TdC/RO63rq80vj8+ly//PMrSv0PriMTGCdY/7JzbE7d+0L+rI924QoPgP15lyM0G/q8/CC4Sid7Tsr96YnY03RfLv/5FaVrjNbc/OPaORIgOwD/PVbaD/qfDvwQGCI4kYdi/Ta/LDZm0pj++jSyMVizhP5vX3wjt/Yq/yEbruDzXkr/GqMB8qE7Jv9OHeUjIctG/1GXGJFBu0T/uTjFDW6DKvxQ1w2a6xts/e9zQ0umLsL/q/twvvCPdv1CISIWVat0/OANm58hDzL+YYTMuO8DUv2KvACrczaK/CE8Syp0Z2j98Uumlm07GP3mDfLytIYE/TdlvsMPjt78IUMiAtS3Jv+4ItY76tcE/tfZxaDNIsT/DQTkWyv2BP4sVD4VsUnE/lHDA8vvIwj95oU8j3EfUv8FSxb1BytG/uwm8wlj1tD9c3Pj4IeTIPyoPbwotA9C/0DrWBJ7Y3D9W4yKRhq26vzTMs6Kc0b8/Gjqa9yO80L9WZ3AKoxbBv+djHzJdLKc/I1KETLlhzL+CkrRBrPnMP0x470Tg9KU/ueYVEYgO1j+NrB/lg3qjP0hy09zdp9+/T/FLWpvT3D/jmQOcgHjFvwj6aM8ZmMW/8aU7ffdEkb+TzgwFE2rDv7v3J9U+9+E/",
        "dtype": "f64",
        "shape": [
          63
        ]
      },
      "timestamps_ms": {
        "data": "AAD6+iXMeEIAALTWJsx4QgAAbrInzHhCAAAojijMeEIAAOJpKcx4QgAAnEUqzHhCAABWISvMeEIAABD9K8x4QgAAytgszHhCAACEtC3MeEIAAD6QLsx4QgAA+GsvzHhCAACyRzDMeEIAAGwjMcx4QgAAJv8xzHhCAADg2jLMeEIAAJq2M8x4QgAAVJI0zHhCAAAObjXMeEIAAMhJNsx4QgAAgiU3zHhCAAA8ATjMeEIAAPbcOMx4QgAAsLg5zHhCAABqlDrMeEIAACRwO8x4QgAA3ks8zHhCAACYJz3MeEIAAFIDPsx4QgAADN8+zHhCAADGuj/MeEIAAICWQMx4QgAAOnJBzHhCAAD0TULMeEIAAK4pQ8x4QgAAaAVEzHhCAAAi4UTMeEIAANy8Rcx4QgAAlphGzHhCAABQdEfMeEIAAApQSMx4QgAAxCtJzHhCAAB+B0rMeEIAADjjSsx4QgAA8r5LzHhCAACsmkzMeEIAAGZ2Tcx4QgAAIFJOzHhCAADaLU/MeEIAAJQJUMx4QgAATuVQzHhCAAAIwVHMeEIAAMKcUsx4QgAAfHhTzHhCAAA2VFTMeEIAAPAvVcx4QgAAqgtWzHhCAABk51bMeEIAAB7DV8x4QgAA2J5YzHhCAACSelnMeEIAAExWWsx4QgAABjJbzHhC",
        "dtype": "f64",
        "shape": [
          63
        ]
      }
    }
  },
  "repro": null,
  "run_id": "<masked_run_id>",
  "scan_id@version": "stats.drawdown.profile@1",
  "schema_version": 1
}
